\BOOKMARK [1][-]{section.1}{\376\377\0001\000.\000\040\236\246\121\113\145\257\227\346\145\271\172\013\140\016\150\067\133\374\121\372\154\342\122\250\145\271\172\013\123\312\211\343\154\342\122\250\145\271\172\013\166\204\166\356\166\204\377\037}{}% 1
\BOOKMARK [1][-]{section.2}{\376\377\116\072\116\300\116\110\121\111\154\342\146\057\165\065\170\301\154\342\377\037\000\040}{}% 2
\BOOKMARK [1][-]{section.3}{\376\377\140\016\150\067\117\123\163\260\121\111\166\204\121\111\133\120\133\146\213\364\377\037}{}% 3
\BOOKMARK [1][-]{section.4}{\376\377\126\372\117\123\200\375\136\046\131\202\117\125\137\142\142\020\377\037}{}% 4
\BOOKMARK [1][-]{section.5}{\376\377\137\256\211\302\174\222\133\120\166\204\176\337\213\241\122\006\136\003\211\304\137\213\166\204\211\304\137\213\116\016\123\237\122\031\377\037}{}% 5
\BOOKMARK [1][-]{section.6}{\376\377\143\317\217\360\217\220\134\004\127\072\166\204\121\340\116\052\162\151\164\006\221\317\116\072\116\300\116\110\211\201\200\003\206\121\217\220\134\004\230\221\214\061\377\037\000\040}{}% 6
\BOOKMARK [1][-]{section.7}{\376\377\201\352\123\321\217\220\134\004\060\001\123\327\157\300\124\070\145\066\124\214\123\327\157\300\217\220\134\004\116\113\225\364\166\204\200\124\174\373\124\214\123\072\122\053\000\040}{}% 7
\BOOKMARK [1][-]{section.8}{\376\377\170\260\144\236\122\240\133\275\123\237\126\340\377\037\000\040}{}% 8
\BOOKMARK [1][-]{section.9}{\376\377\214\061\176\277\122\240\133\275\133\371\123\237\133\120\116\016\217\220\134\004\127\072\166\370\116\222\117\134\165\050\166\204\137\161\124\315\377\037}{}% 9
\BOOKMARK [1][-]{section.10}{\376\377\154\024\117\123\123\312\126\372\117\123\157\300\121\111\135\345\117\134\162\151\215\050\377\014\127\107\123\000\122\240\133\275\166\204\123\237\126\340}{}% 10
\BOOKMARK [1][-]{section.11}{\376\377\154\024\117\123\123\312\126\372\117\123\157\300\121\111\135\345\117\134\162\151\215\050\377\014\227\136\127\107\123\000\122\240\133\275\166\204\123\237\126\340}{}% 11
\BOOKMARK [1][-]{section.12}{\376\377\116\072\116\300\116\110\116\015\200\375\123\321\176\335\133\371\123\125\202\162\121\111\377\037}{}% 12
\BOOKMARK [1][-]{section.13}{\376\377\217\220\134\004\166\204\123\112\176\317\121\170\116\016\221\317\133\120\164\006\213\272\166\204\141\017\116\111}{}% 13
\BOOKMARK [1][-]{section.14}{\376\377\121\111\176\226\144\015\200\027\147\011\136\176\172\056}{}% 14
\BOOKMARK [1][-]{section.15}{\376\377\116\300\236\274\146\057\121\111\176\226\166\204\202\162\145\143}{}% 15
\BOOKMARK [1][-]{section.16}{\376\377\124\352\116\233\146\057\152\041\225\223\202\162\145\143\124\352\116\233\146\057\152\041\121\147\202\162\145\143}{}% 16
\BOOKMARK [1][-]{section.17}{\376\377\116\072\116\300\116\110\126\333\200\375\176\247\153\324\116\011\200\375\176\247\174\373\176\337\146\364\146\023\133\236\163\260\174\222\133\120\145\160\123\315\217\154\377\037}{}% 17
\BOOKMARK [1][-]{section.18}{\376\377\133\371\215\037\156\051\136\246\124\214\174\222\133\120\145\160\123\315\217\154\151\202\137\365\166\204\164\006\211\343}{}% 18
\BOOKMARK [1][-]{section.19}{\376\377\200\375\176\247\225\364\174\222\133\120\145\160\123\315\217\154\166\204\147\141\116\366}{}% 19
\BOOKMARK [1][-]{section.20}{\376\377\170\024\172\166\134\017\117\341\123\367\130\236\166\312\174\373\145\160\166\204\140\035\215\357\377\037\000\040}{}% 20
\BOOKMARK [1][-]{section.21}{\376\377\123\315\217\154\174\222\133\120\145\160\166\204\231\161\124\214}{}% 21
\BOOKMARK [1][-]{section.22}{\376\377\116\072\116\300\116\110\117\032\121\372\163\260\160\347\133\124\163\260\214\141\377\037}{}% 22
