\BOOKMARK [1][-]{section.1}{\376\377\133\346\232\127\166\356\166\204\377\032\176\246\0001\230\165}{}% 1
\BOOKMARK [1][-]{section.2}{\376\377\133\346\232\127\123\237\164\006\000:\236\321\232\324\217\073\134\004\377\032\176\246\0001\000-\0002\230\165}{}% 2
\BOOKMARK [1][-]{section.3}{\376\377\133\236\232\214\116\352\126\150\377\032\176\246\0001\000-\0002\230\165}{}% 3
\BOOKMARK [1][-]{section.4}{\376\377\133\236\232\214\121\205\133\271\377\032\176\246\0002\000-\0003\230\165}{}% 4
\BOOKMARK [1][-]{section.5}{\376\377\000s\000h\000o\000r\000t}{}% 5
\BOOKMARK [1][-]{section.6}{\376\377\000C\000o\000d\000e}{}% 6
