\BOOKMARK [1][-]{section.1}{\376\377\165\050\133\232\116\111\121\375\145\160\166\204\137\142\137\017\121\231\121\372\000j\000a\000c\000o\000b\000i\145\271\154\325}{}% 1
