\BOOKMARK [1][-]{section.1}{\376\377\0001\0002\0003}{}% 1
