\BOOKMARK [1][-]{section.1}{\376\377\133\371\121\375\145\160\000f\000\050\000z\000\051\000\040\000=\000\040\0001\000/\000z\120\132\000r\000u\000n\000g\000e\217\321\117\074}{}% 1
\BOOKMARK [1][-]{section.2}{\376\377\000f\000\050\000z\000\051\000\040\000=\000\040\0001\000\050\000z\000+\0001\000\051\0002\120\132\000r\000u\000n\000g\000e\217\321\117\074}{}% 2
