\BOOKMARK [1][-]{section.1}{\376\377\157\300\121\111\166\204\162\171\160\271\140\016\150\067\116\316\147\054\215\050\116\012\147\145\211\343\221\312\377\037}{}% 1
\BOOKMARK [1][-]{section.2}{\376\377\116\072\116\300\116\110\227\136\172\063\133\232\201\124\200\375\116\247\165\037\232\330\122\237\163\207\377\037}{}% 2
\BOOKMARK [1][-]{section.3}{\376\377\137\142\142\020\157\300\121\111\166\204\147\141\116\366\377\010\137\305\211\201\060\001\121\105\122\006\377\011\377\037\000\040}{}% 3
\BOOKMARK [1][-]{section.4}{\376\377\123\357\116\345\165\050\124\352\121\340\171\315\145\271\154\325\210\150\171\072\226\010\120\074\147\141\116\366\377\037\000\040}{}% 4
\BOOKMARK [1][-]{section.5}{\376\377\116\316\214\020\143\057\201\124\122\006\147\220\157\300\121\111\123\125\202\162\140\047\131\175\123\237\126\340}{}% 5
\BOOKMARK [1][-]{section.6}{\376\377\133\236\163\260\172\063\133\232\140\001\147\141\116\366\377\037\000\040}{}% 6
\BOOKMARK [1][-]{section.7}{\376\377\152\041\172\336\116\211}{}% 7
\BOOKMARK [1][-]{section.8}{\376\377\116\316\143\057\203\141\152\041\137\017\164\006\211\343\172\172\225\364\160\347\133\124\145\110\136\224}{}% 8
\BOOKMARK [1][-]{section.9}{\376\377\162\165\137\025\145\110\136\224}{}% 9
\BOOKMARK [1][-]{section.10}{\376\377\152\041\166\204\230\221\163\207}{}% 10
\BOOKMARK [1][-]{section.11}{\376\377\217\336\176\355\157\300\121\111\126\150\217\223\121\372\122\237\163\207\116\016\147\000\117\163\220\017\217\307\163\207}{}% 11
\BOOKMARK [1][-]{section.12}{\376\377\226\306\142\020\121\111\133\146}{}% 12
\BOOKMARK [1][-]{section.13}{\376\377\121\111\166\204\123\315\134\004\116\016\142\230\134\004}{}% 13
\BOOKMARK [1][-]{section.14}{\376\377\121\150\123\315\134\004\166\204\166\370\171\373\151\202\137\365\377\037}{}% 14
\BOOKMARK [1][-]{section.15}{\376\377\140\016\150\067\164\006\211\343\121\111\127\050\227\136\127\107\123\000\116\313\215\050\117\040\144\255\215\357\176\277\146\362\176\277\377\014\117\116\137\057\124\021\232\330\000n\123\072\377\037}{}% 15
\BOOKMARK [1][-]{section.16}{\376\377\123\344\145\257\040\024\154\111\153\043\117\115\171\373\377\037\123\237\126\340\377\037\000\040}{}% 16
\BOOKMARK [1][-]{section.17}{\376\377\133\211\215\035\134\024\117\115\171\373\377\037}{}% 17
\BOOKMARK [1][-]{section.18}{\376\377\136\163\147\177\154\342\133\374\147\011\124\352\121\340\171\315\152\041\137\017\377\014\173\200\217\360\121\340\171\315\152\041\137\017\162\171\160\271}{}% 18
\BOOKMARK [1][-]{section.19}{\376\377\173\200\217\360\127\107\123\000\142\230\134\004\163\207\133\374\152\041\162\171\137\201\145\271\172\013\166\204\140\035\215\357}{}% 19
